[14/9/2026, 12:32:23 p. m.] 🤖 Modo Demonio activado: sincronizando automáticamente cada 5 minutos.
[14/9/2026, 12:32:23 p. m.] =================================================================
[14/9/2026, 12:32:23 p. m.]  🔄 INICIANDO CICLO DE SINCRONIZACIÓN BIOMÉTRICO K14 <---> CLOUD
[14/9/2026, 12:32:23 p. m.] =================================================================
[14/9/2026, 12:32:23 p. m.] 1. Consultando catálogo de carreras y usuarios en MySQL...
[14/9/2026, 12:32:25 p. m.] 2. Conectando al equipo biométrico K14 en 192.168.1.250:4370...
[14/9/2026, 12:32:25 p. m.]    --> ✅ Conexión TCP establecida con éxito.
[14/9/2026, 12:32:25 p. m.] --- [ETAPA A: SINCRONIZACIÓN DE USUARIOS] ---
[14/9/2026, 12:32:26 p. m.]    --> Usuarios actualmente en el K14: 33
[14/9/2026, 12:32:26 p. m.]    --> Resumen Usuarios: K14 -> BD: 0 | BD -> K14: 0
[14/9/2026, 12:32:26 p. m.] --- [ETAPA B: SINCRONIZACIÓN DE MARCAS DE ASISTENCIA] ---
[14/9/2026, 12:32:28 p. m.]    --> Total marcas extraídas del K14: 603
[14/9/2026, 12:35:53 p. m.] 🤖 Modo Demonio activado: sincronizando automáticamente cada 5 minutos.
[14/9/2026, 12:35:53 p. m.] =================================================================
[14/9/2026, 12:35:53 p. m.]  🔄 INICIANDO CICLO DE SINCRONIZACIÓN BIOMÉTRICO K14 <---> CLOUD
[14/9/2026, 12:35:53 p. m.] =================================================================
[14/9/2026, 12:35:53 p. m.] 1. Consultando catálogo de carreras y usuarios en MySQL...
[14/9/2026, 12:35:55 p. m.] 2. Conectando al equipo biométrico K14 en 192.168.1.250:4370...
[14/9/2026, 12:35:55 p. m.]    --> ✅ Conexión TCP establecida con éxito.
[14/9/2026, 12:35:55 p. m.] --- [ETAPA A: SINCRONIZACIÓN DE USUARIOS] ---
[14/9/2026, 12:35:57 p. m.] ==================== RESUMEN GENERAL ====================
[14/9/2026, 12:35:57 p. m.] 📥 Usuarios importados de K14 a BD: 0
[14/9/2026, 12:35:57 p. m.] 🚀 Usuarios exportados de BD a K14: 0
[14/9/2026, 12:35:57 p. m.] ⏱️  Marcas procesadas con éxito:     1
[14/9/2026, 12:35:57 p. m.] ⚠️  Marcas omitidas o sin cambios:  81
[14/9/2026, 12:35:57 p. m.] =========================================================

[14/9/2026, 12:35:58 p. m.]    --> Usuarios actualmente en el K14: 33
[14/9/2026, 12:35:58 p. m.]    🚀 Usuario enviado al K14: [ID: 36] Juanito Montalvo (Carrera ID: 3)
[14/9/2026, 12:35:58 p. m.]    --> Resumen Usuarios: K14 -> BD: 0 | BD -> K14: 1
[14/9/2026, 12:35:58 p. m.] --- [ETAPA B: SINCRONIZACIÓN DE MARCAS DE ASISTENCIA] ---
[14/9/2026, 12:36:00 p. m.]    --> Total marcas extraídas del K14: 603
[14/9/2026, 12:36:11 p. m.] 🤖 Modo Demonio activado: sincronizando automáticamente cada 5 minutos.
[14/9/2026, 12:36:11 p. m.] =================================================================
[14/9/2026, 12:36:11 p. m.]  🔄 INICIANDO CICLO DE SINCRONIZACIÓN BIOMÉTRICO K14 <---> CLOUD
[14/9/2026, 12:36:11 p. m.] =================================================================
[14/9/2026, 12:36:11 p. m.] 1. Consultando catálogo de carreras y usuarios en MySQL...
[14/9/2026, 12:36:13 p. m.] 2. Conectando al equipo biométrico K14 en 192.168.1.250:4370...
[14/9/2026, 12:36:13 p. m.]    --> ✅ Conexión TCP establecida con éxito.
[14/9/2026, 12:36:13 p. m.] --- [ETAPA A: SINCRONIZACIÓN DE USUARIOS] ---
[14/9/2026, 12:36:18 p. m.] ❌ Error durante la sincronización: [object Object]
[14/9/2026, 12:36:26 p. m.] 🤖 Modo Demonio activado: sincronizando automáticamente cada 5 minutos.
[14/9/2026, 12:36:26 p. m.] =================================================================
[14/9/2026, 12:36:26 p. m.]  🔄 INICIANDO CICLO DE SINCRONIZACIÓN BIOMÉTRICO K14 <---> CLOUD
[14/9/2026, 12:36:26 p. m.] =================================================================
[14/9/2026, 12:36:26 p. m.] 1. Consultando catálogo de carreras y usuarios en MySQL...
[14/9/2026, 12:36:28 p. m.] 2. Conectando al equipo biométrico K14 en 192.168.1.250:4370...
[14/9/2026, 12:36:28 p. m.]    --> ✅ Conexión TCP establecida con éxito.
[14/9/2026, 12:36:28 p. m.] --- [ETAPA A: SINCRONIZACIÓN DE USUARIOS] ---
[14/9/2026, 12:36:33 p. m.] ❌ Error durante la sincronización: [object Object]
[14/9/2026, 12:37:23 p. m.] =================================================================
[14/9/2026, 12:37:23 p. m.]  🔄 INICIANDO CICLO DE SINCRONIZACIÓN BIOMÉTRICO K14 <---> CLOUD
[14/9/2026, 12:37:23 p. m.] =================================================================
[14/9/2026, 12:37:24 p. m.] 1. Consultando catálogo de carreras y usuarios en MySQL...
[14/9/2026, 12:37:24 p. m.] 2. Conectando al equipo biométrico K14 en 192.168.1.250:4370...
[14/9/2026, 12:37:24 p. m.]    --> ✅ Conexión TCP establecida con éxito.
[14/9/2026, 12:37:24 p. m.] --- [ETAPA A: SINCRONIZACIÓN DE USUARIOS] ---
[14/9/2026, 12:37:29 p. m.] ❌ Error durante la sincronización: [object Object]
[14/9/2026, 12:39:31 p. m.] ==================== RESUMEN GENERAL ====================
[14/9/2026, 12:39:31 p. m.] 📥 Usuarios importados de K14 a BD: 0
[14/9/2026, 12:39:31 p. m.] 🚀 Usuarios exportados de BD a K14: 1
[14/9/2026, 12:39:31 p. m.] ⏱️  Marcas procesadas con éxito:     0
[14/9/2026, 12:39:31 p. m.] ⚠️  Marcas omitidas o sin cambios:  81
[14/9/2026, 12:39:31 p. m.] =========================================================

[14/9/2026, 12:41:11 p. m.] =================================================================
[14/9/2026, 12:41:11 p. m.]  🔄 INICIANDO CICLO DE SINCRONIZACIÓN BIOMÉTRICO K14 <---> CLOUD
[14/9/2026, 12:41:11 p. m.] =================================================================
[14/9/2026, 12:41:11 p. m.] 1. Consultando catálogo de carreras y usuarios en MySQL...
[14/9/2026, 12:41:11 p. m.] 2. Conectando al equipo biométrico K14 en 192.168.1.250:4370...
[14/9/2026, 12:41:11 p. m.]    --> ✅ Conexión TCP establecida con éxito.
[14/9/2026, 12:41:11 p. m.] --- [ETAPA A: SINCRONIZACIÓN DE USUARIOS] ---
[14/9/2026, 12:41:13 p. m.]    --> Usuarios actualmente en el K14: 34
[14/9/2026, 12:41:14 p. m.]    🚀 Usuario enviado al K14: [ID: 37] Fidel Reyes (Carrera ID: 3)
[14/9/2026, 12:41:14 p. m.]    --> Resumen Usuarios: K14 -> BD: 0 | BD -> K14: 1
[14/9/2026, 12:41:14 p. m.] --- [ETAPA B: SINCRONIZACIÓN DE MARCAS DE ASISTENCIA] ---
[14/9/2026, 12:41:17 p. m.]    --> Total marcas extraídas del K14: 603
[14/9/2026, 12:42:24 p. m.] =================================================================
[14/9/2026, 12:42:24 p. m.]  🔄 INICIANDO CICLO DE SINCRONIZACIÓN BIOMÉTRICO K14 <---> CLOUD
[14/9/2026, 12:42:24 p. m.] =================================================================
[14/9/2026, 12:42:24 p. m.] 1. Consultando catálogo de carreras y usuarios en MySQL...
[14/9/2026, 12:42:24 p. m.] 2. Conectando al equipo biométrico K14 en 192.168.1.250:4370...
[14/9/2026, 12:42:28 p. m.] ❌ Error durante la sincronización: [object Object]
[14/9/2026, 12:44:48 p. m.] ==================== RESUMEN GENERAL ====================
[14/9/2026, 12:44:48 p. m.] 📥 Usuarios importados de K14 a BD: 0
[14/9/2026, 12:44:48 p. m.] 🚀 Usuarios exportados de BD a K14: 1
[14/9/2026, 12:44:48 p. m.] ⏱️  Marcas procesadas con éxito:     0
[14/9/2026, 12:44:48 p. m.] ⚠️  Marcas omitidas o sin cambios:  81
[14/9/2026, 12:44:48 p. m.] =========================================================

[14/9/2026, 12:46:11 p. m.] =================================================================
[14/9/2026, 12:46:11 p. m.]  🔄 INICIANDO CICLO DE SINCRONIZACIÓN BIOMÉTRICO K14 <---> CLOUD
[14/9/2026, 12:46:11 p. m.] =================================================================
[14/9/2026, 12:46:11 p. m.] 1. Consultando catálogo de carreras y usuarios en MySQL...
[14/9/2026, 12:46:11 p. m.] 2. Conectando al equipo biométrico K14 en 192.168.1.250:4370...
[14/9/2026, 12:46:11 p. m.]    --> ✅ Conexión TCP establecida con éxito.
[14/9/2026, 12:46:11 p. m.] --- [ETAPA A: SINCRONIZACIÓN DE USUARIOS] ---
[14/9/2026, 12:46:14 p. m.]    --> Usuarios actualmente en el K14: 35
[14/9/2026, 12:46:14 p. m.]    --> Resumen Usuarios: K14 -> BD: 0 | BD -> K14: 0
[14/9/2026, 12:46:14 p. m.] --- [ETAPA B: SINCRONIZACIÓN DE MARCAS DE ASISTENCIA] ---
[14/9/2026, 12:46:17 p. m.]    --> Total marcas extraídas del K14: 603
[14/9/2026, 12:47:24 p. m.] =================================================================
[14/9/2026, 12:47:24 p. m.]  🔄 INICIANDO CICLO DE SINCRONIZACIÓN BIOMÉTRICO K14 <---> CLOUD
[14/9/2026, 12:47:24 p. m.] =================================================================
[14/9/2026, 12:47:24 p. m.] 1. Consultando catálogo de carreras y usuarios en MySQL...
[14/9/2026, 12:47:24 p. m.] 2. Conectando al equipo biométrico K14 en 192.168.1.250:4370...
[14/9/2026, 12:47:24 p. m.]    --> ✅ Conexión TCP establecida con éxito.
[14/9/2026, 12:47:24 p. m.] --- [ETAPA A: SINCRONIZACIÓN DE USUARIOS] ---
[14/9/2026, 12:47:29 p. m.] ❌ Error durante la sincronización: [object Object]
[14/9/2026, 12:48:11 p. m.]    ❌ Error procesando marca del usuario 15: read ECONNRESET
[14/9/2026, 12:49:59 p. m.] ==================== RESUMEN GENERAL ====================
[14/9/2026, 12:49:59 p. m.] 📥 Usuarios importados de K14 a BD: 0
[14/9/2026, 12:49:59 p. m.] 🚀 Usuarios exportados de BD a K14: 0
[14/9/2026, 12:49:59 p. m.] ⏱️  Marcas procesadas con éxito:     0
[14/9/2026, 12:49:59 p. m.] ⚠️  Marcas omitidas o sin cambios:  82
[14/9/2026, 12:49:59 p. m.] =========================================================

[14/9/2026, 12:55:51 p. m.] =================================================================
[14/9/2026, 12:55:51 p. m.]  🔄 CICLO DE SINCRONIZACIÓN BIOMÉTRICO K14 <---> CLOUD [14/9/2026, 12:55:51 p. m.]
[14/9/2026, 12:55:51 p. m.] =================================================================
[14/9/2026, 12:55:51 p. m.] 1. Cargando datos desde MySQL (1 sola consulta optimizada)...
[14/9/2026, 12:55:55 p. m.] 2. Conectando al equipo biométrico K14 en 192.168.1.250:4370...
[14/9/2026, 12:55:55 p. m.]    --> ✅ Conexión TCP con K14 lista.
[14/9/2026, 12:55:55 p. m.] --- [ETAPA A: USUARIOS] ---
[14/9/2026, 12:55:57 p. m.]    --> Resumen Usuarios: K14 -> BD: 0 | BD -> K14: 0
[14/9/2026, 12:55:57 p. m.] --- [ETAPA B: MARCAS DE ASISTENCIA] ---
[14/9/2026, 12:56:02 p. m.]    --> Total marcas en K14: 604
[14/9/2026, 12:56:02 p. m.]    ❌ Error procesando marca: Duplicate entry '1-2025-08-19-09:57:43' for key 'asistencias.uk_asistencia_usuario_fecha_hora'
[14/9/2026, 12:56:03 p. m.] ==================== RESUMEN GENERAL ====================
[14/9/2026, 12:56:03 p. m.] 📥 Usuarios K14 -> BD:        0
[14/9/2026, 12:56:03 p. m.] 🚀 Usuarios BD -> K14:        0
[14/9/2026, 12:56:03 p. m.] ⏱️  Nuevas marcas guardadas:  1
[14/9/2026, 12:56:03 p. m.] ⏭️  Marcas ya sincronizadas:   591
[14/9/2026, 12:56:03 p. m.] =========================================================

[14/9/2026, 1:00:20 p. m.] =================================================================
[14/9/2026, 1:00:20 p. m.]  🔄 CICLO DE SINCRONIZACIÓN [SOLO EL DÍA DE HOY] - [14/9/2026, 1:00:20 p. m.]
[14/9/2026, 1:00:20 p. m.] =================================================================
[14/9/2026, 1:00:20 p. m.] 1. Consultando catálogo y asistencias recientes en MySQL...
[14/9/2026, 1:00:22 p. m.] 2. Conectando al equipo biométrico K14 en 192.168.1.250:4370...
[14/9/2026, 1:00:23 p. m.]    --> ✅ Conexión TCP con K14 establecida.
[14/9/2026, 1:00:23 p. m.] --- [ETAPA A: USUARIOS PENDIENTES] ---
[14/9/2026, 1:00:25 p. m.]    --> Resumen Usuarios: K14 -> BD: 0 | BD -> K14: 0
[14/9/2026, 1:00:25 p. m.] --- [ETAPA B: MARCAS DE ASISTENCIA] ---
[14/9/2026, 1:00:30 p. m.]    --> Total registros en memoria del K14: 604
[14/9/2026, 1:00:30 p. m.]    --> Marcas correspondientes a hoy a evaluar: 13
[14/9/2026, 1:00:30 p. m.] ==================== RESUMEN GENERAL ====================
[14/9/2026, 1:00:30 p. m.] 📥 Usuarios K14 -> BD:        0
[14/9/2026, 1:00:30 p. m.] 🚀 Usuarios BD -> K14:        0
[14/9/2026, 1:00:30 p. m.] ⏱️  Marcas nuevas procesadas:  0
[14/9/2026, 1:00:30 p. m.] ⏭️  Marcas ya registradas:     13
[14/9/2026, 1:00:30 p. m.] =========================================================

[14/9/2026, 4:27:02 p. m.] =================================================================
[14/9/2026, 4:27:02 p. m.]  🔄 CICLO DE SINCRONIZACIÓN [SOLO EL DÍA DE HOY] - [14/9/2026, 4:27:02 p. m.]
[14/9/2026, 4:27:02 p. m.] =================================================================
[14/9/2026, 4:27:02 p. m.] 1. Consultando catálogo y asistencias recientes en MySQL...
[14/9/2026, 4:27:04 p. m.] 2. Conectando al equipo biométrico K14 en 192.168.1.250:4370...
[14/9/2026, 4:27:04 p. m.]    --> ✅ Conexión TCP con K14 establecida.
[14/9/2026, 4:27:04 p. m.] --- [ETAPA A: USUARIOS PENDIENTES] ---
[14/9/2026, 4:27:06 p. m.]    --> Resumen Usuarios: K14 -> BD: 0 | BD -> K14: 0
[14/9/2026, 4:27:06 p. m.] --- [ETAPA B: MARCAS DE ASISTENCIA] ---
[14/9/2026, 4:27:09 p. m.]    --> Total registros en memoria del K14: 618
[14/9/2026, 4:27:09 p. m.]    --> Marcas correspondientes a hoy a evaluar: 27
[14/9/2026, 4:27:09 p. m.]    ⏱️  Salida actualizada: Usuario ID 21 a las 13:06:04
[14/9/2026, 4:27:10 p. m.]    ⏱️  Salida actualizada: Usuario ID 12 a las 13:11:45
[14/9/2026, 4:27:10 p. m.]    ⏱️  Salida actualizada: Usuario ID 13 a las 13:25:28
[14/9/2026, 4:27:10 p. m.]    ⏱️  Salida actualizada: Usuario ID 6 a las 13:25:39
[14/9/2026, 4:27:10 p. m.]    ⏱️  Salida actualizada: Usuario ID 15 a las 13:48:03
[14/9/2026, 4:27:10 p. m.]    ⏱️  Salida actualizada: Usuario ID 18 a las 14:05:01
[14/9/2026, 4:27:10 p. m.]    ⏱️  Salida actualizada: Usuario ID 18 a las 14:05:03
[14/9/2026, 4:27:11 p. m.]    ⏱️  Salida actualizada: Usuario ID 17 a las 14:13:34
[14/9/2026, 4:27:11 p. m.]    ⏱️  Salida actualizada: Usuario ID 16 a las 14:13:48
[14/9/2026, 4:27:11 p. m.]    ⏱️  Salida actualizada: Usuario ID 17 a las 14:15:00
[14/9/2026, 4:27:11 p. m.]    ⏱️  Salida actualizada: Usuario ID 20 a las 15:11:22
[14/9/2026, 4:27:11 p. m.]    ⏱️  Salida actualizada: Usuario ID 19 a las 15:11:35
[14/9/2026, 4:27:12 p. m.]    ⏱️  Salida actualizada: Usuario ID 21 a las 15:11:46
[14/9/2026, 4:27:12 p. m.]    ⏱️  Nueva entrada del día: Usuario ID 2 a las 15:39:29
[14/9/2026, 4:27:12 p. m.] ==================== RESUMEN GENERAL ====================
[14/9/2026, 4:27:12 p. m.] 📥 Usuarios K14 -> BD:        0
[14/9/2026, 4:27:12 p. m.] 🚀 Usuarios BD -> K14:        0
[14/9/2026, 4:27:12 p. m.] ⏱️  Marcas nuevas procesadas:  14
[14/9/2026, 4:27:12 p. m.] ⏭️  Marcas ya registradas:     13
[14/9/2026, 4:27:12 p. m.] =========================================================

[15/9/2026, 9:44:33 a. m.] 🤖 Modo Servicio activado: sincronización periódica cada 5 minutos.
[15/9/2026, 9:44:33 a. m.] =================================================================
[15/9/2026, 9:44:33 a. m.]  🔄 CICLO DE SINCRONIZACIÓN [SOLO EL DÍA DE HOY] - [15/9/2026, 9:44:33 a. m.]
[15/9/2026, 9:44:33 a. m.] =================================================================
[15/9/2026, 9:44:33 a. m.] 1. Consultando catálogo y asistencias recientes en MySQL...
[15/9/2026, 9:44:45 a. m.] 2. Conectando al equipo biométrico K14 en 192.168.1.250:4370...
[15/9/2026, 9:44:46 a. m.]    --> ✅ Conexión TCP con K14 establecida.
[15/9/2026, 9:44:46 a. m.] --- [ETAPA A: USUARIOS PENDIENTES] ---
[15/9/2026, 9:44:49 a. m.] 🤖 Modo Servicio activado: sincronización periódica cada 5 minutos.
[15/9/2026, 9:44:49 a. m.] =================================================================
[15/9/2026, 9:44:49 a. m.]  🔄 CICLO DE SINCRONIZACIÓN [SOLO EL DÍA DE HOY] - [15/9/2026, 9:44:49 a. m.]
[15/9/2026, 9:44:49 a. m.] =================================================================
[15/9/2026, 9:44:49 a. m.] 1. Consultando catálogo y asistencias recientes en MySQL...
[15/9/2026, 9:45:01 a. m.]    🚀 Usuario enviado al K14: [ID: 38] Ramiro Ramirez
[15/9/2026, 9:45:04 a. m.]    🚀 Usuario enviado al K14: [ID: 39] pedrito pedraja
[15/9/2026, 9:45:04 a. m.]    --> Resumen Usuarios: K14 -> BD: 0 | BD -> K14: 2
[15/9/2026, 9:45:04 a. m.] --- [ETAPA B: MARCAS DE ASISTENCIA] ---
[15/9/2026, 9:45:08 a. m.] 2. Conectando al equipo biométrico K14 en 192.168.1.250:4370...
[15/9/2026, 9:45:10 a. m.] =================================================================
[15/9/2026, 9:45:10 a. m.]  🔄 CICLO DE SINCRONIZACIÓN [SOLO EL DÍA DE HOY] - [15/9/2026, 9:45:10 a. m.]
[15/9/2026, 9:45:10 a. m.] =================================================================
[15/9/2026, 9:45:10 a. m.] 1. Consultando catálogo y asistencias recientes en MySQL...
[15/9/2026, 9:45:12 a. m.] ❌ Error durante la sincronización: [object Object]
[15/9/2026, 9:45:33 a. m.] 2. Conectando al equipo biométrico K14 en 192.168.1.250:4370...
[15/9/2026, 9:45:39 a. m.] ❌ Error durante la sincronización: [object Object]
[15/9/2026, 9:46:29 a. m.] ❌ Error durante la sincronización: [object Object]
[15/9/2026, 9:48:46 a. m.] 🤖 Modo Servicio activado: sincronización periódica cada 5 minutos.
[15/9/2026, 9:48:46 a. m.] =================================================================
[15/9/2026, 9:48:46 a. m.]  🔄 CICLO DE SINCRONIZACIÓN [SOLO EL DÍA DE HOY] - [15/9/2026, 9:48:46 a. m.]
[15/9/2026, 9:48:46 a. m.] =================================================================
[15/9/2026, 9:48:46 a. m.] 1. Consultando catálogo y asistencias recientes en MySQL...
[15/9/2026, 9:48:51 a. m.] 2. Conectando al equipo biométrico K14 en 192.168.1.250:4370...
[15/9/2026, 9:48:52 a. m.]    --> ✅ Conexión TCP con K14 establecida.
[15/9/2026, 9:48:52 a. m.] --- [ETAPA A: USUARIOS PENDIENTES] ---
[15/9/2026, 9:48:55 a. m.]    --> Resumen Usuarios: K14 -> BD: 0 | BD -> K14: 0
[15/9/2026, 9:48:55 a. m.] --- [ETAPA B: MARCAS DE ASISTENCIA] ---
[15/9/2026, 9:48:58 a. m.]    --> Total registros en memoria del K14: 638
[15/9/2026, 9:48:58 a. m.]    --> Marcas correspondientes a hoy a evaluar: 47
[15/9/2026, 9:48:58 a. m.]    ⏱️  Salida actualizada: Usuario ID 3 a las 16:41:27
[15/9/2026, 9:48:58 a. m.]    ⏱️  Salida actualizada: Usuario ID 2 a las 17:24:49
[15/9/2026, 9:48:59 a. m.]    ⏱️  Salida actualizada: Usuario ID 2 a las 17:25:12
[15/9/2026, 9:48:59 a. m.]    ⏱️  Salida actualizada: Usuario ID 2 a las 17:25:38
[15/9/2026, 9:48:59 a. m.]    ⏱️  Salida actualizada: Usuario ID 2 a las 18:06:25
[15/9/2026, 9:48:59 a. m.]    ⏱️  Salida actualizada: Usuario ID 2 a las 18:06:31
[15/9/2026, 9:48:59 a. m.] =================================================================
[15/9/2026, 9:48:59 a. m.]  🔄 CICLO DE SINCRONIZACIÓN [SOLO EL DÍA DE HOY] - [15/9/2026, 9:48:59 a. m.]
[15/9/2026, 9:48:59 a. m.] =================================================================
[15/9/2026, 9:48:59 a. m.] 1. Consultando catálogo y asistencias recientes en MySQL...
[15/9/2026, 9:49:00 a. m.]    ⏱️  Salida actualizada: Usuario ID 2 a las 18:06:42
[15/9/2026, 9:49:00 a. m.]    ⏱️  Nueva entrada del día: Usuario ID 20 a las 08:19:42
[15/9/2026, 9:49:00 a. m.]    ⏱️  Nueva entrada del día: Usuario ID 19 a las 08:24:57
[15/9/2026, 9:49:01 a. m.]    ⏱️  Nueva entrada del día: Usuario ID 33 a las 08:34:37
[15/9/2026, 9:49:01 a. m.]    ⏱️  Nueva entrada del día: Usuario ID 35 a las 08:45:07
[15/9/2026, 9:49:01 a. m.]    ⏱️  Nueva entrada del día: Usuario ID 16 a las 09:01:16
[15/9/2026, 9:49:02 a. m.]    ⏱️  Nueva entrada del día: Usuario ID 31 a las 09:17:31
[15/9/2026, 9:49:02 a. m.]    ⏱️  Nueva entrada del día: Usuario ID 18 a las 09:18:23
[15/9/2026, 9:49:02 a. m.]    ⏱️  Nueva entrada del día: Usuario ID 3 a las 09:22:04
[15/9/2026, 9:49:02 a. m.]    ⏱️  Nueva entrada del día: Usuario ID 13 a las 09:28:40
[15/9/2026, 9:49:02 a. m.] 2. Conectando al equipo biométrico K14 en 192.168.1.250:4370...
[15/9/2026, 9:49:02 a. m.]    --> ✅ Conexión TCP con K14 establecida.
[15/9/2026, 9:49:02 a. m.] --- [ETAPA A: USUARIOS PENDIENTES] ---
[15/9/2026, 9:49:02 a. m.]    ⏱️  Nueva entrada del día: Usuario ID 12 a las 09:32:18
[15/9/2026, 9:49:03 a. m.]    ⏱️  Nueva entrada del día: Usuario ID 21 a las 09:34:50
[15/9/2026, 9:49:03 a. m.]    ⏱️  Nueva entrada del día: Usuario ID 15 a las 09:38:45
[15/9/2026, 9:49:03 a. m.]    ⏱️  Nueva entrada del día: Usuario ID 17 a las 09:48:21
[15/9/2026, 9:49:03 a. m.] ==================== RESUMEN GENERAL ====================
[15/9/2026, 9:49:03 a. m.] 📥 Usuarios K14 -> BD:        0
[15/9/2026, 9:49:03 a. m.] 🚀 Usuarios BD -> K14:        0
[15/9/2026, 9:49:03 a. m.] ⏱️  Marcas nuevas procesadas:  20
[15/9/2026, 9:49:03 a. m.] ⏭️  Marcas ya registradas:     27
[15/9/2026, 9:49:03 a. m.] =========================================================

[15/9/2026, 9:49:05 a. m.]    --> Resumen Usuarios: K14 -> BD: 0 | BD -> K14: 0
[15/9/2026, 9:49:05 a. m.] --- [ETAPA B: MARCAS DE ASISTENCIA] ---
[15/9/2026, 9:49:10 a. m.]    --> Total registros en memoria del K14: 638
[15/9/2026, 9:49:10 a. m.]    --> Marcas correspondientes a hoy a evaluar: 47
[15/9/2026, 9:49:11 a. m.] ==================== RESUMEN GENERAL ====================
[15/9/2026, 9:49:11 a. m.] 📥 Usuarios K14 -> BD:        0
[15/9/2026, 9:49:11 a. m.] 🚀 Usuarios BD -> K14:        0
[15/9/2026, 9:49:11 a. m.] ⏱️  Marcas nuevas procesadas:  0
[15/9/2026, 9:49:11 a. m.] ⏭️  Marcas ya registradas:     47
[15/9/2026, 9:49:11 a. m.] =========================================================

[15/9/2026, 9:50:11 a. m.] 🤖 Modo Servicio activado: sincronización periódica cada 5 minutos.
[15/9/2026, 9:50:11 a. m.] =================================================================
[15/9/2026, 9:50:11 a. m.]  🔄 CICLO DE SINCRONIZACIÓN [SOLO EL DÍA DE HOY] - [15/9/2026, 9:50:11 a. m.]
[15/9/2026, 9:50:11 a. m.] =================================================================
[15/9/2026, 9:50:11 a. m.] 1. Consultando catálogo y asistencias recientes en MySQL...
[15/9/2026, 9:50:15 a. m.] 2. Conectando al equipo biométrico K14 en 192.168.1.250:4370...
[15/9/2026, 9:50:15 a. m.]    --> ✅ Conexión TCP con K14 establecida.
[15/9/2026, 9:50:15 a. m.] --- [ETAPA A: USUARIOS PENDIENTES] ---
[15/9/2026, 9:50:16 a. m.]    --> Resumen Usuarios: K14 -> BD: 0 | BD -> K14: 0
[15/9/2026, 9:50:16 a. m.] --- [ETAPA B: MARCAS DE ASISTENCIA] ---
[15/9/2026, 9:50:21 a. m.]    --> Total registros en memoria del K14: 638
[15/9/2026, 9:50:21 a. m.]    --> Marcas correspondientes a hoy a evaluar: 47
[15/9/2026, 9:50:21 a. m.] ==================== RESUMEN GENERAL ====================
[15/9/2026, 9:50:22 a. m.] 📥 Usuarios K14 -> BD:        0
[15/9/2026, 9:50:22 a. m.] 🚀 Usuarios BD -> K14:        0
[15/9/2026, 9:50:22 a. m.] ⏱️  Marcas nuevas procesadas:  0
[15/9/2026, 9:50:22 a. m.] ⏭️  Marcas ya registradas:     47
[15/9/2026, 9:50:22 a. m.] =========================================================

[15/9/2026, 9:53:46 a. m.] =================================================================
[15/9/2026, 9:53:46 a. m.]  🔄 CICLO DE SINCRONIZACIÓN [SOLO EL DÍA DE HOY] - [15/9/2026, 9:53:46 a. m.]
[15/9/2026, 9:53:46 a. m.] =================================================================
[15/9/2026, 9:53:46 a. m.] 1. Consultando catálogo y asistencias recientes en MySQL...
[15/9/2026, 9:53:47 a. m.] 2. Conectando al equipo biométrico K14 en 192.168.1.250:4370...
[15/9/2026, 9:53:48 a. m.]    --> ✅ Conexión TCP con K14 establecida.
[15/9/2026, 9:53:48 a. m.] --- [ETAPA A: USUARIOS PENDIENTES] ---
[15/9/2026, 9:53:51 a. m.]    --> Resumen Usuarios: K14 -> BD: 0 | BD -> K14: 0
[15/9/2026, 9:53:51 a. m.] --- [ETAPA B: MARCAS DE ASISTENCIA] ---
[15/9/2026, 9:53:59 a. m.]    --> Total registros en memoria del K14: 638
[15/9/2026, 9:53:59 a. m.]    --> Marcas correspondientes a hoy a evaluar: 47
[15/9/2026, 9:53:59 a. m.] ==================== RESUMEN GENERAL ====================
[15/9/2026, 9:53:59 a. m.] 📥 Usuarios K14 -> BD:        0
[15/9/2026, 9:53:59 a. m.] 🚀 Usuarios BD -> K14:        0
[15/9/2026, 9:53:59 a. m.] ⏱️  Marcas nuevas procesadas:  0
[15/9/2026, 9:53:59 a. m.] ⏭️  Marcas ya registradas:     47
[15/9/2026, 9:53:59 a. m.] =========================================================

[15/9/2026, 9:58:46 a. m.] =================================================================
[15/9/2026, 9:58:46 a. m.]  🔄 CICLO DE SINCRONIZACIÓN [SOLO EL DÍA DE HOY] - [15/9/2026, 9:58:46 a. m.]
[15/9/2026, 9:58:46 a. m.] =================================================================
[15/9/2026, 9:58:46 a. m.] 1. Consultando catálogo y asistencias recientes en MySQL...
[15/9/2026, 9:58:47 a. m.] 2. Conectando al equipo biométrico K14 en 192.168.1.250:4370...
[15/9/2026, 9:58:47 a. m.]    --> ✅ Conexión TCP con K14 establecida.
[15/9/2026, 9:58:47 a. m.] --- [ETAPA A: USUARIOS PENDIENTES] ---
[15/9/2026, 9:58:49 a. m.]    --> Resumen Usuarios: K14 -> BD: 0 | BD -> K14: 0
[15/9/2026, 9:58:49 a. m.] --- [ETAPA B: MARCAS DE ASISTENCIA] ---
[15/9/2026, 9:59:02 a. m.]    --> Total registros en memoria del K14: 638
[15/9/2026, 9:59:02 a. m.]    --> Marcas correspondientes a hoy a evaluar: 47
[15/9/2026, 9:59:02 a. m.] ==================== RESUMEN GENERAL ====================
[15/9/2026, 9:59:02 a. m.] 📥 Usuarios K14 -> BD:        0
[15/9/2026, 9:59:02 a. m.] 🚀 Usuarios BD -> K14:        0
[15/9/2026, 9:59:02 a. m.] ⏱️  Marcas nuevas procesadas:  0
[15/9/2026, 9:59:02 a. m.] ⏭️  Marcas ya registradas:     47
[15/9/2026, 9:59:02 a. m.] =========================================================

[15/9/2026, 10:03:46 a. m.] =================================================================
[15/9/2026, 10:03:46 a. m.]  🔄 CICLO DE SINCRONIZACIÓN [SOLO EL DÍA DE HOY] - [15/9/2026, 10:03:46 a. m.]
[15/9/2026, 10:03:46 a. m.] =================================================================
[15/9/2026, 10:03:46 a. m.] 1. Consultando catálogo y asistencias recientes en MySQL...
[15/9/2026, 10:03:47 a. m.] 2. Conectando al equipo biométrico K14 en 192.168.1.250:4370...
[15/9/2026, 10:03:48 a. m.]    --> ✅ Conexión TCP con K14 establecida.
[15/9/2026, 10:03:48 a. m.] --- [ETAPA A: USUARIOS PENDIENTES] ---
[15/9/2026, 10:03:50 a. m.]    🚀 Usuario enviado al K14: [ID: 40] Prueba3 Prob
[15/9/2026, 10:03:50 a. m.]    --> Resumen Usuarios: K14 -> BD: 0 | BD -> K14: 1
[15/9/2026, 10:03:50 a. m.] --- [ETAPA B: MARCAS DE ASISTENCIA] ---
[15/9/2026, 10:04:15 a. m.]    --> Total registros en memoria del K14: 639
[15/9/2026, 10:04:15 a. m.]    --> Marcas correspondientes a hoy a evaluar: 48
[15/9/2026, 10:04:16 a. m.]    ⏱️  Nueva entrada del día: Usuario ID 1 a las 10:01:04
[15/9/2026, 10:04:16 a. m.] ==================== RESUMEN GENERAL ====================
[15/9/2026, 10:04:16 a. m.] 📥 Usuarios K14 -> BD:        0
[15/9/2026, 10:04:16 a. m.] 🚀 Usuarios BD -> K14:        1
[15/9/2026, 10:04:16 a. m.] ⏱️  Marcas nuevas procesadas:  1
[15/9/2026, 10:04:16 a. m.] ⏭️  Marcas ya registradas:     47
[15/9/2026, 10:04:16 a. m.] =========================================================

[15/9/2026, 10:08:46 a. m.] =================================================================
[15/9/2026, 10:08:46 a. m.]  🔄 CICLO DE SINCRONIZACIÓN [SOLO EL DÍA DE HOY] - [15/9/2026, 10:08:46 a. m.]
[15/9/2026, 10:08:46 a. m.] =================================================================
[15/9/2026, 10:08:46 a. m.] 1. Consultando catálogo y asistencias recientes en MySQL...
[15/9/2026, 10:08:47 a. m.] 2. Conectando al equipo biométrico K14 en 192.168.1.250:4370...
[15/9/2026, 10:08:47 a. m.]    --> ✅ Conexión TCP con K14 establecida.
[15/9/2026, 10:08:47 a. m.] --- [ETAPA A: USUARIOS PENDIENTES] ---
[15/9/2026, 10:08:48 a. m.]    --> Resumen Usuarios: K14 -> BD: 0 | BD -> K14: 0
[15/9/2026, 10:08:48 a. m.] --- [ETAPA B: MARCAS DE ASISTENCIA] ---
[15/9/2026, 10:08:52 a. m.]    --> Total registros en memoria del K14: 640
[15/9/2026, 10:08:52 a. m.]    --> Marcas correspondientes a hoy a evaluar: 49
[15/9/2026, 10:08:52 a. m.]    ⏱️  Nueva entrada del día: Usuario ID 2 a las 10:04:59
[15/9/2026, 10:08:52 a. m.] ==================== RESUMEN GENERAL ====================
[15/9/2026, 10:08:52 a. m.] 📥 Usuarios K14 -> BD:        0
[15/9/2026, 10:08:52 a. m.] 🚀 Usuarios BD -> K14:        0
[15/9/2026, 10:08:52 a. m.] ⏱️  Marcas nuevas procesadas:  1
[15/9/2026, 10:08:52 a. m.] ⏭️  Marcas ya registradas:     48
[15/9/2026, 10:08:52 a. m.] =========================================================

[15/9/2026, 10:13:46 a. m.] =================================================================
[15/9/2026, 10:13:46 a. m.]  🔄 CICLO DE SINCRONIZACIÓN [SOLO EL DÍA DE HOY] - [15/9/2026, 10:13:46 a. m.]
[15/9/2026, 10:13:46 a. m.] =================================================================
[15/9/2026, 10:13:46 a. m.] 1. Consultando catálogo y asistencias recientes en MySQL...
[15/9/2026, 10:13:47 a. m.] 2. Conectando al equipo biométrico K14 en 192.168.1.250:4370...
[15/9/2026, 10:13:47 a. m.]    --> ✅ Conexión TCP con K14 establecida.
[15/9/2026, 10:13:47 a. m.] --- [ETAPA A: USUARIOS PENDIENTES] ---
[15/9/2026, 10:13:49 a. m.]    --> Resumen Usuarios: K14 -> BD: 0 | BD -> K14: 0
[15/9/2026, 10:13:49 a. m.] --- [ETAPA B: MARCAS DE ASISTENCIA] ---
[15/9/2026, 10:13:53 a. m.]    --> Total registros en memoria del K14: 640
[15/9/2026, 10:13:53 a. m.]    --> Marcas correspondientes a hoy a evaluar: 49
[15/9/2026, 10:13:53 a. m.] ==================== RESUMEN GENERAL ====================
[15/9/2026, 10:13:53 a. m.] 📥 Usuarios K14 -> BD:        0
[15/9/2026, 10:13:53 a. m.] 🚀 Usuarios BD -> K14:        0
[15/9/2026, 10:13:53 a. m.] ⏱️  Marcas nuevas procesadas:  0
[15/9/2026, 10:13:53 a. m.] ⏭️  Marcas ya registradas:     49
[15/9/2026, 10:13:53 a. m.] =========================================================

[15/9/2026, 10:18:46 a. m.] =================================================================
[15/9/2026, 10:18:46 a. m.]  🔄 CICLO DE SINCRONIZACIÓN [SOLO EL DÍA DE HOY] - [15/9/2026, 10:18:46 a. m.]
[15/9/2026, 10:18:46 a. m.] =================================================================
[15/9/2026, 10:18:46 a. m.] 1. Consultando catálogo y asistencias recientes en MySQL...
[15/9/2026, 10:18:47 a. m.] 2. Conectando al equipo biométrico K14 en 192.168.1.250:4370...
[15/9/2026, 10:18:47 a. m.]    --> ✅ Conexión TCP con K14 establecida.
[15/9/2026, 10:18:47 a. m.] --- [ETAPA A: USUARIOS PENDIENTES] ---
[15/9/2026, 10:18:50 a. m.]    --> Resumen Usuarios: K14 -> BD: 0 | BD -> K14: 0
[15/9/2026, 10:18:50 a. m.] --- [ETAPA B: MARCAS DE ASISTENCIA] ---
[15/9/2026, 10:18:59 a. m.]    --> Total registros en memoria del K14: 640
[15/9/2026, 10:18:59 a. m.]    --> Marcas correspondientes a hoy a evaluar: 49
[15/9/2026, 10:18:59 a. m.] ==================== RESUMEN GENERAL ====================
[15/9/2026, 10:18:59 a. m.] 📥 Usuarios K14 -> BD:        0
[15/9/2026, 10:18:59 a. m.] 🚀 Usuarios BD -> K14:        0
[15/9/2026, 10:18:59 a. m.] ⏱️  Marcas nuevas procesadas:  0
[15/9/2026, 10:18:59 a. m.] ⏭️  Marcas ya registradas:     49
[15/9/2026, 10:18:59 a. m.] =========================================================

[15/9/2026, 10:23:46 a. m.] =================================================================
[15/9/2026, 10:23:46 a. m.]  🔄 CICLO DE SINCRONIZACIÓN [SOLO EL DÍA DE HOY] - [15/9/2026, 10:23:46 a. m.]
[15/9/2026, 10:23:46 a. m.] =================================================================
[15/9/2026, 10:23:46 a. m.] 1. Consultando catálogo y asistencias recientes en MySQL...
[15/9/2026, 10:23:47 a. m.] 2. Conectando al equipo biométrico K14 en 192.168.1.250:4370...
[15/9/2026, 10:23:47 a. m.]    --> ✅ Conexión TCP con K14 establecida.
[15/9/2026, 10:23:47 a. m.] --- [ETAPA A: USUARIOS PENDIENTES] ---
[15/9/2026, 10:23:48 a. m.]    --> Resumen Usuarios: K14 -> BD: 0 | BD -> K14: 0
[15/9/2026, 10:23:48 a. m.] --- [ETAPA B: MARCAS DE ASISTENCIA] ---
[15/9/2026, 10:23:54 a. m.]    --> Total registros en memoria del K14: 640
[15/9/2026, 10:23:54 a. m.]    --> Marcas correspondientes a hoy a evaluar: 49
[15/9/2026, 10:23:54 a. m.] ==================== RESUMEN GENERAL ====================
[15/9/2026, 10:23:54 a. m.] 📥 Usuarios K14 -> BD:        0
[15/9/2026, 10:23:54 a. m.] 🚀 Usuarios BD -> K14:        0
[15/9/2026, 10:23:54 a. m.] ⏱️  Marcas nuevas procesadas:  0
[15/9/2026, 10:23:54 a. m.] ⏭️  Marcas ya registradas:     49
[15/9/2026, 10:23:54 a. m.] =========================================================

[15/9/2026, 10:28:46 a. m.] =================================================================
[15/9/2026, 10:28:46 a. m.]  🔄 CICLO DE SINCRONIZACIÓN [SOLO EL DÍA DE HOY] - [15/9/2026, 10:28:46 a. m.]
[15/9/2026, 10:28:46 a. m.] =================================================================
[15/9/2026, 10:28:46 a. m.] 1. Consultando catálogo y asistencias recientes en MySQL...
[15/9/2026, 10:28:47 a. m.] 2. Conectando al equipo biométrico K14 en 192.168.1.250:4370...
[15/9/2026, 10:28:47 a. m.]    --> ✅ Conexión TCP con K14 establecida.
[15/9/2026, 10:28:47 a. m.] --- [ETAPA A: USUARIOS PENDIENTES] ---
[15/9/2026, 10:28:48 a. m.]    --> Resumen Usuarios: K14 -> BD: 0 | BD -> K14: 0
[15/9/2026, 10:28:48 a. m.] --- [ETAPA B: MARCAS DE ASISTENCIA] ---
[15/9/2026, 10:28:52 a. m.]    --> Total registros en memoria del K14: 640
[15/9/2026, 10:28:52 a. m.]    --> Marcas correspondientes a hoy a evaluar: 49
[15/9/2026, 10:28:52 a. m.] ==================== RESUMEN GENERAL ====================
[15/9/2026, 10:28:52 a. m.] 📥 Usuarios K14 -> BD:        0
[15/9/2026, 10:28:52 a. m.] 🚀 Usuarios BD -> K14:        0
[15/9/2026, 10:28:52 a. m.] ⏱️  Marcas nuevas procesadas:  0
[15/9/2026, 10:28:52 a. m.] ⏭️  Marcas ya registradas:     49
[15/9/2026, 10:28:52 a. m.] =========================================================

[15/9/2026, 10:33:46 a. m.] =================================================================
[15/9/2026, 10:33:46 a. m.]  🔄 CICLO DE SINCRONIZACIÓN [SOLO EL DÍA DE HOY] - [15/9/2026, 10:33:46 a. m.]
[15/9/2026, 10:33:46 a. m.] =================================================================
[15/9/2026, 10:33:46 a. m.] 1. Consultando catálogo y asistencias recientes en MySQL...
[15/9/2026, 10:33:47 a. m.] 2. Conectando al equipo biométrico K14 en 192.168.1.250:4370...
[15/9/2026, 10:33:47 a. m.]    --> ✅ Conexión TCP con K14 establecida.
[15/9/2026, 10:33:47 a. m.] --- [ETAPA A: USUARIOS PENDIENTES] ---
[15/9/2026, 10:33:48 a. m.]    --> Resumen Usuarios: K14 -> BD: 0 | BD -> K14: 0
[15/9/2026, 10:33:48 a. m.] --- [ETAPA B: MARCAS DE ASISTENCIA] ---
[15/9/2026, 10:33:51 a. m.]    --> Total registros en memoria del K14: 641
[15/9/2026, 10:33:51 a. m.]    --> Marcas correspondientes a hoy a evaluar: 50
[15/9/2026, 10:33:51 a. m.]    ⏱️  Nueva entrada del día: Usuario ID 6 a las 10:33:07
[15/9/2026, 10:33:51 a. m.] ==================== RESUMEN GENERAL ====================
[15/9/2026, 10:33:51 a. m.] 📥 Usuarios K14 -> BD:        0
[15/9/2026, 10:33:51 a. m.] 🚀 Usuarios BD -> K14:        0
[15/9/2026, 10:33:51 a. m.] ⏱️  Marcas nuevas procesadas:  1
[15/9/2026, 10:33:51 a. m.] ⏭️  Marcas ya registradas:     49
[15/9/2026, 10:33:51 a. m.] =========================================================

